  [test-messages] 
Contents with no newlineSimple contents
Contents with
embedded newline

This is the contents of an echo task.
It takes up three lines and has newlines
before and after as well.

Value of the message attribute
