  [test1c] 
    [enumerate] {
    [enumerate] t.c
    [enumerate] }
