  [test1d] 
    [enumerate] {
    [enumerate] d1/a.c
    [enumerate] }
