  [test2] 
    [enumerate] {
    [enumerate] d1/a.c
    [enumerate] d1/b.c
    [enumerate] e1/g.c
    [enumerate] }
