  [test6] 
    [enumerate] {
    [enumerate] d1/a.c
    [enumerate] d1/b.c
    [enumerate] d1/d2/d3/e.c
    [enumerate] d1/d2/f.c
    [enumerate] }
