  [test5] 
    [enumerate] {
    [enumerate] d1/d2/f.c
    [enumerate] }
