  [test4] 
    [enumerate] {
    [enumerate] d1/a.c
    [enumerate] d1/b.c
    [enumerate] }
