  [test1b] 
    [enumerate] {
    [enumerate] t.c
    [enumerate] }
