  [outprop3] 
OUTPUT_TEST3=First Line Second Line Third LineFOO
