  [outprop2] 
OUTPUT_TEST2=Testing Output Property2