  [outprop1] 
OUTPUT_TEST1=Testing Output Property1

